odds 2011 3331
odds 2012 6651
odds 2013 9974
odds 2014 13302
odds 2015 16627
odds 2016 19951
odds 2017 23279
odds 2018 26607
odds 2019 29931
odds 2020 33261
odds 2021 36586
odds 2022 39916
odds 2023 43244
odds 2024 46570
odds 2025 49904
odds 2026 52425
features 1.0 1.0
features 0.9 0.8
features 0.81 0.65
features 0.7 0.55
荒れ (1.0, 1.0) None 3774.97
荒れ (1.0, 1.0) 8 3775.75
荒れ (1.0, 1.0) 4 3778.95
荒れ (1.0, 1.0) 2 3788.01
荒れ (0.9, 0.8) None 3778.31
荒れ (0.9, 0.8) 8 3778.05
荒れ (0.9, 0.8) 4 3781.25
荒れ (0.9, 0.8) 2 3790.76
荒れ (0.81, 0.65) None 3778.03
荒れ (0.81, 0.65) 8 3777.91
荒れ (0.81, 0.65) 4 3781.38
荒れ (0.81, 0.65) 2 3791.38
荒れ (0.7, 0.55) None 3777.35
荒れ (0.7, 0.55) 8 3778.29
荒れ (0.7, 0.55) 4 3781.43
荒れ (0.7, 0.55) 2 3791.32
荒れ 選択: (1.0, 1.0) None 従来の検証logloss合計 3777.92 → 3774.97
{'target': '荒れ', 'category': '一般', 'period': '2023-2025', 'n': 5617, 'rate': np.float64(0.35641801673491186), 'lam': '1.0/1.0', 'halflife': 'なし', 'AUC_old': 0.7303892511361392, 'AUC_new': 0.7302622688514805, 'dAUC_lo': np.float64(-0.0012329563266416626), 'dAUC_hi': np.float64(0.0009272073172622544), 'LL_old': 0.5695310832365804, 'LL_new': 0.5697688181213726}
{'target': '荒れ', 'category': '一般', 'period': '2026年1-9月', 'n': 1386, 'rate': np.float64(0.341991341991342), 'lam': '1.0/1.0', 'halflife': 'なし', 'AUC_old': 0.7445267969501814, 'AUC_new': 0.7441312273299283, 'dAUC_lo': np.float64(-0.0023434821258333403), 'dAUC_hi': np.float64(0.0016591488472845303), 'LL_old': 0.5513843674581344, 'LL_new': 0.5512358412591254}
{'target': '荒れ', 'category': '新馬', 'period': '2023-2025', 'n': 908, 'rate': np.float64(0.2918502202643172), 'lam': '1.0/1.0', 'halflife': 'なし', 'AUC_old': 0.7483846356994042, 'AUC_new': 0.747369347692127, 'dAUC_lo': np.float64(-0.005246914527017993), 'dAUC_hi': np.float64(0.0031721913482078102), 'LL_old': 0.5206797526710836, 'LL_new': 0.5215835505438488}
{'target': '荒れ', 'category': '新馬', 'period': '2026年1-9月', 'n': 183, 'rate': np.float64(0.3005464480874317), 'lam': '1.0/1.0', 'halflife': 'なし', 'AUC_old': 0.7414772727272727, 'AUC_new': 0.7437499999999999, 'dAUC_lo': np.float64(-0.0063874034462269025), 'dAUC_hi': np.float64(0.010631644507612583), 'LL_old': 0.5319537495071368, 'LL_new': 0.530999180038813}
{'target': '荒れ', 'category': '未勝利', 'period': '2023-2025', 'n': 3463, 'rate': np.float64(0.2743286168062374), 'lam': '1.0/1.0', 'halflife': 'なし', 'AUC_old': 0.6919232621944834, 'AUC_new': 0.6932703625358662, 'dAUC_lo': np.float64(0.00017454659578157453), 'dAUC_hi': np.float64(0.002375045850287621), 'LL_old': 0.5403282432048305, 'LL_new': 0.539937822463392}
{'target': '荒れ', 'category': '未勝利', 'period': '2026年1-9月', 'n': 952, 'rate': np.float64(0.27521008403361347), 'lam': '1.0/1.0', 'halflife': 'なし', 'AUC_old': 0.6902644097798429, 'AUC_new': 0.6897167828299591, 'dAUC_lo': np.float64(-0.002824925851900817), 'dAUC_hi': np.float64(0.0016709591941206996), 'LL_old': 0.5394910290723218, 'LL_new': 0.5397839527920113}
荒れない (1.0, 1.0) None 1658.46
荒れない (1.0, 1.0) 8 1655.4
荒れない (1.0, 1.0) 4 1655.77
荒れない (1.0, 1.0) 2 1665.61
荒れない (0.9, 0.8) None 1654.22
荒れない (0.9, 0.8) 8 1652.38
荒れない (0.9, 0.8) 4 1653.17
荒れない (0.9, 0.8) 2 1661.38
荒れない (0.81, 0.65) None 1660.77
荒れない (0.81, 0.65) 8 1658.36
荒れない (0.81, 0.65) 4 1659.42
荒れない (0.81, 0.65) 2 1666.18
荒れない (0.7, 0.55) None 1665.42
荒れない (0.7, 0.55) 8 1663.27
荒れない (0.7, 0.55) 4 1665.0
荒れない (0.7, 0.55) 2 1671.78
荒れない 選択: (0.9, 0.8) 8 従来の検証logloss合計 1669.28 → 1652.38
{'target': '荒れない', 'category': '一般', 'period': '2023-2025', 'n': 5617, 'rate': np.float64(0.0954246038810753), 'lam': '0.9/0.8', 'halflife': 8, 'AUC_old': 0.9108145799246241, 'AUC_new': 0.9128396102541809, 'dAUC_lo': np.float64(0.00048090327347401766), 'dAUC_hi': np.float64(0.003574352980862641), 'LL_old': 0.20066461735324928, 'LL_new': 0.19831824367066578}
{'target': '荒れない', 'category': '一般', 'period': '2026年1-9月', 'n': 1386, 'rate': np.float64(0.09523809523809523), 'lam': '0.9/0.8', 'halflife': 8, 'AUC_old': 0.9024273838867141, 'AUC_new': 0.9041249818761781, 'dAUC_lo': np.float64(-0.0011631253538825464), 'dAUC_hi': np.float64(0.00463054282851883), 'LL_old': 0.20501057617173502, 'LL_new': 0.20344322650853208}
{'target': '荒れない', 'category': '新馬', 'period': '2023-2025', 'n': 908, 'rate': np.float64(0.13876651982378854), 'lam': '0.9/0.8', 'halflife': 8, 'AUC_old': 0.8705598181301506, 'AUC_new': 0.8743859862785694, 'dAUC_lo': np.float64(0.00035977816938707896), 'dAUC_hi': np.float64(0.0074869241100918105), 'LL_old': 0.28186876081597356, 'LL_new': 0.2789343111669721}
{'target': '荒れない', 'category': '新馬', 'period': '2026年1-9月', 'n': 183, 'rate': np.float64(0.14754098360655737), 'lam': '0.9/0.8', 'halflife': 8, 'AUC_old': 0.860636277302944, 'AUC_new': 0.8625356125356125, 'dAUC_lo': np.float64(-0.008752169730430474), 'dAUC_hi': np.float64(0.013815517282325593), 'LL_old': 0.3124862927739462, 'LL_new': 0.3131103169274528}
{'target': '荒れない', 'category': '未勝利', 'period': '2023-2025', 'n': 3463, 'rate': np.float64(0.1542015593416113), 'lam': '0.9/0.8', 'halflife': 8, 'AUC_old': 0.8372902768773584, 'AUC_new': 0.8405138847863864, 'dAUC_lo': np.float64(0.0007702130994400952), 'dAUC_hi': np.float64(0.005568607784998325), 'LL_old': 0.3272306806085864, 'LL_new': 0.3245544412265014}
{'target': '荒れない', 'category': '未勝利', 'period': '2026年1-9月', 'n': 952, 'rate': np.float64(0.17857142857142858), 'lam': '0.9/0.8', 'halflife': 8, 'AUC_old': 0.8287799007070858, 'AUC_new': 0.8314728448924326, 'dAUC_lo': np.float64(-0.0015332831256790718), 'dAUC_hi': np.float64(0.00690032070426412), 'LL_old': 0.3593414135221678, 'LL_new': 0.35602631605302915}
   target category     period     n      lam halflife  AUC_old  AUC_new    dAUC  dAUC_lo  dAUC_hi  LL_old  LL_new
0      荒れ       一般  2023-2025  5617  1.0/1.0       なし   0.7304   0.7303 -0.0001  -0.0012   0.0009  0.5695  0.5698
1      荒れ       一般  2026年1-9月  1386  1.0/1.0       なし   0.7445   0.7441 -0.0004  -0.0023   0.0017  0.5514  0.5512
2      荒れ       新馬  2023-2025   908  1.0/1.0       なし   0.7484   0.7474 -0.0010  -0.0052   0.0032  0.5207  0.5216
3      荒れ       新馬  2026年1-9月   183  1.0/1.0       なし   0.7415   0.7437  0.0023  -0.0064   0.0106  0.5320  0.5310
4      荒れ      未勝利  2023-2025  3463  1.0/1.0       なし   0.6919   0.6933  0.0013   0.0002   0.0024  0.5403  0.5399
5      荒れ      未勝利  2026年1-9月   952  1.0/1.0       なし   0.6903   0.6897 -0.0005  -0.0028   0.0017  0.5395  0.5398
6    荒れない       一般  2023-2025  5617  0.9/0.8        8   0.9108   0.9128  0.0020   0.0005   0.0036  0.2007  0.1983
7    荒れない       一般  2026年1-9月  1386  0.9/0.8        8   0.9024   0.9041  0.0017  -0.0012   0.0046  0.2050  0.2034
8    荒れない       新馬  2023-2025   908  0.9/0.8        8   0.8706   0.8744  0.0038   0.0004   0.0075  0.2819  0.2789
9    荒れない       新馬  2026年1-9月   183  0.9/0.8        8   0.8606   0.8625  0.0019  -0.0088   0.0138  0.3125  0.3131
10   荒れない      未勝利  2023-2025  3463  0.9/0.8        8   0.8373   0.8405  0.0032   0.0008   0.0056  0.3272  0.3246
11   荒れない      未勝利  2026年1-9月   952  0.9/0.8        8   0.8288   0.8315  0.0027  -0.0015   0.0069  0.3593  0.3560
